
> bloggerpro@0.1.0 build
> next build

Γû▓ Next.js 16.1.6 (Turbopack)
- Environments: .env

  Creating an optimized production build ...
Γ£ô Compiled successfully in 38.6s
  Running TypeScript ...
node.exe : Failed to compile.
At line:1 char:1
+ & "C:\Program Files\nodejs/node.exe" 
"C:\Program Files\nodejs/node_mo ...
+ ~~~~~~~~~~~~~~~~~~~~~~~~~~~~~~~~~~~~~~
~~~~~~~~~~~~~~~~~~~~~~~~~~~~~~~
    + CategoryInfo          : NotSpecif 
   ied: (Failed to compile.:String) []  
  , RemoteException
    + FullyQualifiedErrorId : NativeCom 
   mandError
 

./next.config.ts:5:5
Type error: Object literal may only 
specify known properties, and 
'appIsrStatus' does not exist in type 
'{ position?: "bottom-right" | 
"top-left" | "top-right" | 
"bottom-left" | undefined; }'.

[0m [90m 3 |[39m [36mconst[39m 
nextConfig[33m:[39m 
[33mNextConfig[39m [33m=[39m {
 [90m 4 |[39m   
devIndicators[33m:[39m {
[31m[1m>[22m[39m[90m 5 |[39m     
appIsrStatus[33m:[39m 
[36mfalse[39m[33m,[39m
 [90m   |[39m     [31m[1m^[22m[39m
 [90m 6 |[39m     
buildActivity[33m:[39m 
[36mfalse[39m[33m,[39m
 [90m 7 |[39m     
buildActivityPosition[33m:[39m 
[32m'bottom-right'[39m
 [90m 8 |[39m   }[0m
Next.js build worker exited with code: 
1 and signal: null
